This is pdfTeX, Version 3.141592653-2.6-1.40.29 (MiKTeX 26.2) (preloaded format=pdflatex 2026.3.24)  19 APR 2026 14:21
entering extended mode
 restricted \write18 enabled.
 file:line:error style messages enabled.
 %&-line parsing enabled.
**"c:/Users/mroul/OneDrive/Documents/eilco/S8/Tech/suivi-contrat-pro - Copy/suivi-contrat-pro/SECURITY_REPORT.tex"
(c:/Users/mroul/OneDrive/Documents/eilco/S8/Tech/suivi-contrat-pro - Copy/suivi-contrat-pro/SECURITY_REPORT.tex
LaTeX2e <2025-11-01>
L3 programming layer <2026-01-19>
(C:\Users\mroul\AppData\Local\Programs\MiKTeX\tex/latex/base\report.cls
Document Class: report 2025/01/22 v1.4n Standard LaTeX document class
(C:\Users\mroul\AppData\Local\Programs\MiKTeX\tex/latex/base\size11.clo
File: size11.clo 2025/01/22 v1.4n Standard LaTeX file (size option)
)
\c@part=\count275
\c@chapter=\count276
\c@section=\count277
\c@subsection=\count278
\c@subsubsection=\count279
\c@paragraph=\count280
\c@subparagraph=\count281
\c@figure=\count282
\c@table=\count283
\abovecaptionskip=\skip49
\belowcaptionskip=\skip50
\bibindent=\dimen148
) (C:\Users\mroul\AppData\Local\Programs\MiKTeX\tex/latex/base\inputenc.sty
Package: inputenc 2024/02/08 v1.3d Input encoding file
\inpenc@prehook=\toks17
\inpenc@posthook=\toks18


! LaTeX Error: File `utf-8.def' not found.

Type X to quit or <RETURN> to proceed,
or enter new name. (Default extension: def)

Enter file name: 
C:\Users\mroul\AppData\Local\Programs\MiKTeX\tex/latex/base\inputenc.sty:164: Emergency stop.
<read *> 
         
l.164 \endinput
               ^^M
*** (cannot \read from terminal in nonstop modes)

 
Here is how much of TeX's memory you used:
 293 strings out of 467867
 4148 string characters out of 5418334
 433759 words of memory out of 5000000
 29264 multiletter control sequences out of 15000+600000
 628021 words of font info for 41 fonts, out of 8000000 for 9000
 1141 hyphenation exceptions out of 8191
 36i,0n,49p,253b,36s stack positions out of 10000i,1000n,20000p,200000b,200000s
C:\Users\mroul\AppData\Local\Programs\MiKTeX\tex/latex/base\inputenc.sty:164:  ==> Fatal error occurred, no output PDF file produced!
